# exit_code=3 duracao=155.6s modelo=(default do agente) effort=(default) failure_class=CODEX_QUOTA

===== PROMPT ENVIADO =====
Voce e o agente de implementacao de uma task de um Sprint autonomo.

## Task P09: Registrar a rastreabilidade do prompt ao plano

## Criterios de aceitacao (todos obrigatorios)
- a spec.md gerada por escrever_sprint contem a secao Prompt original com o texto do usuario literal
- o dag.json gerado registra o campo prompt_original
- o comando autodev report inclui o prompt original na secao de contexto quando ele existe no dag.json
- plano sem prompt_original e aceito, e a secao aparece como nao informado, sem quebrar o relatorio
- os testes ficam em .autodev/tests/test_plan_rastreabilidade.py
- a suite inteira continua verde: python3 -m pytest .autodev/tests/ -q
- preservacao com evolucao: nao remova nem enfraqueca caso de teste de task anterior; se a mudanca de comportamento EXIGIDA por esta task invalidar uma assercao existente, ajuste-a de forma MINIMA, registre a decisao datada em .autodev/sprints/DEVFACTORY-002/decisions.md e prove que a cobertura nao caiu (a contagem do comando python3 -m pytest .autodev/tests/ --collect-only -q nao pode ser menor que antes da mudanca); o revisor confere a justificativa e reprova autorizacao sem essa prova

## Contexto do projeto
# DEVFACTORY-002 — Planejador: do prompt ao plano executável

## O que esta sprint entrega

Um comando novo, `autodev plan "<pedido em texto livre>"`, que produz um sprint
executável em disco (`spec.md` + `dag.json` + `sprint.yaml`), validado pelas
mesmas regras que o `autodev` já aplica na carga do DAG.

Hoje esse passo é manual: alguém escreve o `spec.md` e o `dag.json` à mão antes
de o orquestrador fazer qualquer coisa. Esta sprint fecha essa metade.

## CONTRATO DE INTERFACES (não invente outros nomes)

Estas assinaturas são usadas por tasks de ondas diferentes. Se você precisa de
algo que não está aqui, **use o que está aqui**; não crie uma variante.

```
autodev/planner.py
  @dataclass Plano:      titulo, objetivo, repositorio, tasks, prompt_original
  @dataclass TaskPlano:  id, titulo, criterios, deps, agente, teste
  validar_plano(plano) -> list[str]            # vazio = válido
  parsear_plano(texto) -> Plano
  validar_e_ordenar(plano) -> list[list[str]]  # ondas; reusa ordem_topologica
  escrever_sprint(raiz, plano) -> Path
  planejar(raiz, prompt_usuario, agente) -> Plano
  exceções: PlanoInvalido, SprintJaExiste, CotaEsgotada
  constante: PALAVRAS_VAGAS

autodev/plan_prompt.py
  PROMPT_PLANO: str
  montar_prompt_plano(prompt_usuario) -> str
```

## REGRAS DURAS PARA O AGENTE

1. **Trabalhe SOMENTE no seu worktree.** Nunca faça `cd` para fora dele, nunca
   toque no repositório principal, nunca faça merge nem push.
2. **Rode os testes antes de terminar:**
   `python3 -m pytest .autodev/tests/ -q`
   A suíte inteira tem que ficar verde. `python3` aqui é resolvido pelo runner
   para o interpretador do projeto — use exatamente esta forma.
3. **Os testes novos vão nos arquivos já indicados nos seus critérios.** Não
   crie um arquivo de teste novo se o critério nomeia um existente.
4. **Não invente APIs do projeto.** Os módulos existentes e seus nomes reais:
   `agents.invocar`, `config.ordem_topologica`, `state.StateStore`,
   `testrunner.rodar`, `sandbox.rodar`, `worktree.WorktreeManager`,
   `planner` (novo). Confira a assinatura no arquivo antes de chamar.
5. **Não altere o comportamento existente** para fazer o seu teste passar. Se um
   teste antigo falhar, o problema é o seu código.
6. **Cada critério é verificável.** Se você não consegue provar um critério com
   um teste ou com um comando, o critério não foi atendido.
7. **Sem dados pessoais.** Nada de nomes, caminhos de HOME ou credenciais em
   código, teste ou documentação.

## Por que o

## Restricoes
- Trabalhe SOMENTE dentro deste worktree: /home/saurus/Code/Coding_Machine/.autodev/worktrees/DEVFACTORY-002-P09-agy
- Nao use sudo, nao leia credenciais, nao escreva fora deste diretorio.
- Nao adicione dependencia nova sem necessidade demonstravel.
- Se houver testes, eles devem passar ao final.
- Simplicidade primeiro. Sem infraestrutura que a task nao exige.

## Modo headless — leia antes de comecar
- Voce roda SEM HUMANO disponivel: ninguem vai responder pergunta nenhuma.
- NAO peca aprovacao de design nem pergunte "posso implementar?": entregar apenas
  um plano ou uma pergunta conta como FALHA da task, porque nenhum arquivo muda.
- Decida sozinho dentro do que a task e os criterios pedem e implemente agora.

## O que entregar
1. Implemente a task de forma minima e completa.
2. Escreva ou ajuste testes que provem o comportamento (se aplicavel).
3. Rode os testes e corrija o que falhar.
4. Ao terminar, responda com uma linha final:
   RESULTADO: <o que foi implementado> | TESTES: <comando e resultado>


---
## CONTEXTO DAS TENTATIVAS ANTERIORES
  - tentativa 8: REVIEW_FAILURE (exit 0) — 

## EVIDENCIA NOVA (leia antes de agir)
### Saida do ultimo teste
```
py:344, `return args.fn(args)`) trata. Confirmei a semantica das duas excecoes em processo. Na base a9445a3 o cmd_report nao lia o dag.json, entao o mesmo comando retornava 0 e escrevia o SPRINT-REPORT.md: e uma regressao de comportamento introduzida pelo diff e nenhum teste a cobre (os 3 testes novos sempre criam dag.json valido). A rodada anterior de revisao ja havia reprovado a mesma linha por outro caminho (`carrega_dag(...) if exists() else {}` levantava ValueError de valida_dag); o defeito de classe sobreviveu a correcao.", "correcao_sugerida": "Ler de forma tolerante, porque o relatorio e derivado do state.db e nao deveria depender da presenca/validade do DAG: `valor = None; p = d / \"dag.json\"; if p.exists():\n    try: valor = json.loads(p.read_text(encoding=\"utf-8\")).get(\"prompt_original\")\n    except (OSError, ValueError, AttributeError): valor = None` e passar `prompt_original=valor if isinstance(valor, str) else None`. Adicionar um caso no test_plan_rastreabilidade.py com sprint.yaml sem dag.json exigindo rc=0 e 'nao informado' na secao."}, {"severidade": "baixa", "arquivo": "autodev/cli.py", "linha": 132, "descricao": "prompt_original agora e passado como keyword explicito junto de **extra (report-extras.json). Se o extras trouxer a chave prompt_original, o Python levanta TypeError: got multiple values for keyword argument 'prompt_original' (semantica confirmada em processo) e o relatorio nao e gerado; nenhum teste cobre a colisao, e a precedencia ficou indefinida (no rascunho anterior deste mesmo trabalho o DAG era o vencedor e isso era testado). Impacto pratico e baixo porque nenhum sprint do repo usa report-extras.json.", "correcao_sugerida": "Montar as opcoes explicitamente em vez de misturar explicito com **extra: `opcoes = {**extra, \"objetivo\": sp.get(\"objetivo\", \"\"), \"git_commit\": commit_atual(RAIZ), \"prompt_original\": valor}` e chamar `rp.gerar(st, args.sprint, **opcoes)`."}, {"severidade": "baixa", "arquivo": ".autodev/tests/test_plan_rastreabilidade.py", "linha": 62, "descricao": "No teste do relatorio o prompt e de uma unica linha e sem espacos duplos ('Implemente rastreabilidade sem alterar o texto.'), entao o assert `prompt in contexto` prova apenas presenca: uma mutacao em report.py que normalize o texto (ex.: ' '.join(prompt.split())) continuaria passando. A literalidade so esta provada no caminho dag/spec (linha 48-56).", "correcao_sugerida": "Reutilizar no teste do relatorio o mesmo prompt multi-linha com espacos duplos usado no teste da linha 48, mantendo o assert de substring literal."}, {"severidade": "baixa", "arquivo": ".autodev/tests/test_plan_rastreabilidade.py", "linha": 74, "descricao": "O criterio 'plano sem prompt_original e aceito' e provado so no caso em que o dag.json e escrito a mao com json.dumps. O caminho real plano-sem-prompt_original -> escrever_sprint -> dag.json -> report nao tem teste: Plano.prompt_original e campo obrigatorio sem default (autodev/planner.py:48), e o plano sem essa chave so nao explode porque parsear_plano:203 injeta \"\" por conta propria.", "correcao_sugerida": "Acrescentar um caso que chame parsear_plano (ou construa Plano(prompt_original=\"\")) -> escrever_sprint -> cli.main report e exija a secao com 'nao informado', fechando o criterio ponta a ponta."}, {"severidade": "baixa", "arquivo": ".autodev/sprints/DEVFACTORY-002/decisions.md", "linha": 1, "descricao": "O arquivo entra como NOVO no branch, mas o caminho ja existe na linha principal (fba74fa:.autodev/sprints/DEVFACTORY-002/decisions.md, 28026 bytes, log D-01..D-17 citado por autodev/report.py:115,130), o que implica conflito add/add na hora de levar o sprint para a main. O criterio desta task exige explicitamente registrar a decisao nesse caminho, entao o registro esta correto - o achado e so aviso de integracao.", "correcao_sugerida": "Na integracao, anexar a decisao ao arquivo existente da main em vez de sobrescrever (resolver o add/add a favor do log do autor + entrada nova)."}]
```
### Arquivos ja tocados
  - .autodev/sprints/DEVFACTORY-002/decisions.md
  - .autodev/tests/test_plan_escrita.py
  - .autodev/tests/test_plan_rastreabilidade.py
  - autodev/cli.py
  - autodev/planner.py
  - autodev/report.py

## INSTRUCAO
Esta e a tentativa #5.
Estrategia decidida: SWITCH_AGENT.
Motivo: mesma falha pela 5a vez — trocando para agy

NAO repita a abordagem anterior. Se ela falhou, explique em uma linha por que
falhou e adote uma abordagem diferente baseada na evidencia acima.
Se o problema for de ambiente/dependencia/permissao e nao de codigo, diga isso
explicitamente em vez de tentar contornar.
Responda ao final com: RESULTADO: <resumo do que mudou>


===== STDOUT =====


===== STDERR =====
error: Individual quota reached. Please upgrade your subscription to increase your limits. Resets in 110h42m10s.
AGY_ERROR: {"short_error":"RESOURCE_EXHAUSTED (code 429): Individual quota reached. Please upgrade your subscription to increase your limits. Resets in 110h42m10s.","status":"RESOURCE_EXHAUSTED","error_code":429,"code_kind":"http","retryable":true,"error_id":"03b42817-e638-469c-9b8c-d6ab4c6775f3-9"}

